{
  "data": {
    "__type": null,
    "user": {
      "birthday": "08.02.1988",
      "friends": [
        {
          "birthday": "1990 I guess? ;-)",
          "id": 2,
          "name": "Yaara",
          "pets": [
            {
              "__typename": "Dog",
              "name": "Woof",
              "nickname": "Woofie",
              "woof": "Woof! Woof!"
            }
          ]
        },
        {
          "birthday": "1980",
          "id": 3,
          "name": "Ahmet",
          "pets": [
            {
              "__typename": "Cat",
              "meow": "Meow meow!",
              "name": "KitCat",
              "nickname": "Kitty"
            }
          ]
        }
      ],
      "id": 1,
      "name": "Jens",
      "pets": [
        {
          "__typename": "Dog",
          "name": "Paw",
          "nickname": "Pawie",
          "woof": "Woof! Woof!"
        },
        {
          "__typename": "Cat",
          "meow": "Meow meow!",
          "name": "Mietz",
          "nickname": "Mietzie"
        }
      ]
    }
  }
}